---
source: tui/src/bottom_pane/mod.rs
expression: "render_snapshot(&pane, area)"
---
• 工 作 中  (0s • 按  esc 中 断 )                     
                                                
• 排 队 的 后 续 输 入                                 
  ↳ Queued follow-up question                   
    ⌥ + ↑ 编 辑 最 后 一 条 排 队 消 息                   
                                                
› Ask Codex to do anything                      
                                                
  ? 查 看 快 捷 键                  剩 余 上 下 文  100%
